﻿
> vite-temp@0.0.0 build
> vite build

[36mvite v8.0.0 [32mbuilding client environment for production...[36m[39m
[2K
node.exe : 
At line:1 char:1
+ & "C:\Program 
Files\nodejs/node.exe" 
"C:\Program 
Files\nodejs/node_mo ...
+ ~~~~~~~~~~~~~~~~~~~~~~~~~~~
~~~~~~~~~~~~~~~~~~~~~~~~~~~~~
~~~~~~~~~~~~~
    + CategoryInfo           
   : NotSpecified: (:String  
  ) [], RemoteException
    + FullyQualifiedErrorId  
   : NativeCommandError
 
frame1.svg referenced in 
frame1.svg didn't resolve at 
build time, it will remain 
unchanged to be resolved at 
runtime

star.svg referenced in 
star.svg didn't resolve at 
build time, it will remain 
unchanged to be resolved at 
runtime

downarrow.svg referenced in 
downarrow.svg didn't resolve 
at build time, it will 
remain unchanged to be 
resolved at runtime

frame.svg referenced in 
frame.svg didn't resolve at 
build time, it will remain 
unchanged to be resolved at 
runtime

uparrow.svg referenced in 
uparrow.svg didn't resolve 
at build time, it will 
remain unchanged to be 
resolved at runtime
transforming...Γ£ô 63 modules transformed.
rendering chunks...
computing gzip size...
dist/index.html                         1.35 kB Γöé gzip:  0.67 kB
dist/assets/index-CYe_RVrM.css        115.23 kB Γöé gzip: 18.98 kB
dist/assets/FAQ-DuDCiLmT.js             1.46 kB Γöé gzip:  0.74 kB
dist/assets/About-I-EcEI1r.js           3.20 kB Γöé gzip:  1.22 kB
dist/assets/Contact-CpvurUdX.js         7.02 kB Γöé gzip:  1.74 kB
dist/assets/jsx-runtime-BnxRlLMJ.js     8.39 kB Γöé gzip:  3.20 kB
dist/assets/VastuShastra-GLgaw8YG.js    8.70 kB Γöé gzip:  3.13 kB
dist/assets/Numerology-DbXFAXIr.js      8.86 kB Γöé gzip:  3.16 kB
dist/assets/QuantumReiki-BKvEMwAB.js    8.91 kB Γöé gzip:  3.21 kB
dist/assets/Astrology-CZzapQ2D.js       9.41 kB Γöé gzip:  3.25 kB
dist/assets/Graphology-C5j5Brh7.js      9.57 kB Γöé gzip:  3.23 kB
dist/assets/Blog-CZHpXKMh.js           14.04 kB Γöé gzip:  3.94 kB
dist/assets/BlogPost-BU5Gfd6S.js       18.10 kB Γöé gzip:  6.69 kB
dist/assets/Home-BHQ8rEAw.js           20.46 kB Γöé gzip:  5.86 kB
dist/assets/Services-DAnG5tI7.js      167.13 kB Γöé gzip: 28.41 kB
dist/assets/index-Ihi511wf.js         237.26 kB Γöé gzip: 75.17 kB

[32mΓ£ô built in 1.77s[39m
